../FATFS/Target/user_diskio.c:103:13:SPI_RxTx	32	static
../FATFS/Target/user_diskio.c:110:13:SPI_RxData	24	static
../FATFS/Target/user_diskio.c:117:12:SD_WaitReady	16	static
../FATFS/Target/user_diskio.c:127:13:SD_Deselect	8	static
../FATFS/Target/user_diskio.c:133:12:SD_Select	8	static
../FATFS/Target/user_diskio.c:143:12:SD_RxDataBlock	24	static
../FATFS/Target/user_diskio.c:165:12:SD_TxDataBlock	24	static
../FATFS/Target/user_diskio.c:187:13:SD_SendCmd	24	static
../FATFS/Target/user_diskio.c:231:9:USER_initialize	40	static
../FATFS/Target/user_diskio.c:291:9:USER_status	16	static
../FATFS/Target/user_diskio.c:309:9:USER_read	24	static
../FATFS/Target/user_diskio.c:351:9:USER_write	24	static
../FATFS/Target/user_diskio.c:395:9:USER_ioctl	40	static
